../Core/Src/main.c:157:5:main	8	static
../Core/Src/main.c:285:6:HAL_UARTEx_RxEventCallback	16	static
../Core/Src/main.c:305:6:TurnOnLED	8	static
../Core/Src/main.c:315:6:TurnOffLED	8	static
../Core/Src/main.c:325:6:TurnOnFAN	8	static
../Core/Src/main.c:337:6:ClearBuffer	24	static
../Core/Src/main.c:369:6:SystemClock_Config	88	static
../Core/Src/main.c:461:13:MX_USART1_UART_Init	8	static
../Core/Src/main.c:527:13:MX_USART2_UART_Init	8	static
../Core/Src/main.c:593:13:MX_GPIO_Init	48	static
../Core/Src/main.c:699:6:Error_Handler	4	static,ignoring_inline_asm
