../Core/Src/main.c:86:6:HAL_UARTEx_RxEventCallback	16	static
../Core/Src/main.c:91:6:HAL_GPIO_EXTI_Callback	16	static
../Core/Src/main.c:136:5:main	40	static
../Core/Src/main.c:310:6:SystemClock_Config	88	static
../Core/Src/main.c:349:6:usDelay	16	static
../Core/Src/main.c:375:13:MX_TIM4_Init	32	static
../Core/Src/main.c:417:13:MX_USART1_UART_Init	8	static
../Core/Src/main.c:448:13:MX_USART2_UART_Init	8	static
../Core/Src/main.c:479:13:MX_GPIO_Init	48	static
../Core/Src/main.c:528:6:Error_Handler	4	static,ignoring_inline_asm
